Composer Audit Output at 2025-05-23 16:51:13:
Found 18 security vulnerability advisories affecting 1 package:
+-------------------+----------------------------------------------------------------------------------+
| Package           | phpoffice/phpspreadsheet                                                         |
| Severity          | medium                                                                           |
| CVE               | CVE-2025-23210                                                                   |
| Title             | PhpSpreadsheet allows bypassing of XSS sanitizer using the javascript protocol   |
|                   | and special characters                                                           |
| URL               | https://github.com/advisories/GHSA-r57h-547h-w24f                                |
| Affected versions | >=2.0.0,<2.1.8|>=2.2.0,<2.3.7|<1.29.9|>=3.0.0,<3.9.0                             |
| Reported at       | 2025-02-03T15:39:31+00:00                                                        |
+-------------------+----------------------------------------------------------------------------------+
+-------------------+----------------------------------------------------------------------------------+
| Package           | phpoffice/phpspreadsheet                                                         |
| Severity          | medium                                                                           |
| CVE               | CVE-2025-22131                                                                   |
| Title             | Cross-Site Scripting (XSS) vulnerability in generateNavigation() function in     |
|                   | PhpSpreadsheet                                                                   |
| URL               | https://github.com/advisories/GHSA-79xx-vf93-p7cx                                |
| Affected versions | >=2.2.0,<2.3.6|>=2.0.0,<2.1.7|<1.29.8|>=3.0.0,<3.8.0                             |
| Reported at       | 2025-01-21T21:09:13+00:00                                                        |
+-------------------+----------------------------------------------------------------------------------+
+-------------------+----------------------------------------------------------------------------------+
| Package           | phpoffice/phpspreadsheet                                                         |
| Severity          | medium                                                                           |
| CVE               | CVE-2024-56412                                                                   |
| Title             | PhpSpreadsheet allows bypass XSS sanitizer using the javascript protocol and     |
|                   | special characters                                                               |
| URL               | https://github.com/advisories/GHSA-q9jv-mm3r-j47r                                |
| Affected versions | >=2.2.0,<=2.3.4|>=2.0.0,<=2.1.5|<=1.29.6|>=3.0.0,<3.7.0                          |
| Reported at       | 2025-01-03T17:29:10+00:00                                                        |
+-------------------+----------------------------------------------------------------------------------+
+-------------------+----------------------------------------------------------------------------------+
| Package           | phpoffice/phpspreadsheet                                                         |
| Severity          | medium                                                                           |
| CVE               | CVE-2024-56411                                                                   |
| Title             | PhpSpreadsheet has a Cross-Site Scripting (XSS) vulnerability of the hyperlink   |
|                   | base in the HTML page header                                                     |
| URL               | https://github.com/advisories/GHSA-hwcp-2h35-p66w                                |
| Affected versions | >=2.2.0,<=2.3.4|>=2.0.0,<=2.1.5|<=1.29.6|>=3.0.0,<3.7.0                          |
| Reported at       | 2025-01-03T17:28:50+00:00                                                        |
+-------------------+----------------------------------------------------------------------------------+
+-------------------+----------------------------------------------------------------------------------+
| Package           | phpoffice/phpspreadsheet                                                         |
| Severity          | medium                                                                           |
| CVE               | CVE-2024-56410                                                                   |
| Title             | PhpSpreadsheet has a Cross-Site Scripting (XSS) vulnerability in custom          |
|                   | properties                                                                       |
| URL               | https://github.com/advisories/GHSA-wv23-996v-q229                                |
| Affected versions | >=2.2.0,<=2.3.4|>=2.0.0,<=2.1.5|<=1.29.6|>=3.0.0,<3.7.0                          |
| Reported at       | 2025-01-03T17:25:45+00:00                                                        |
+-------------------+----------------------------------------------------------------------------------+
+-------------------+----------------------------------------------------------------------------------+
| Package           | phpoffice/phpspreadsheet                                                         |
| Severity          | high                                                                             |
| CVE               | CVE-2024-56409                                                                   |
| Title             | PhpSpreadsheet allows unauthorized Reflected XSS in Currency.php file            |
| URL               | https://github.com/advisories/GHSA-j2xg-cjcx-4677                                |
| Affected versions | >=2.2.0,<=2.3.4|>=2.0.0,<=2.1.5|<=1.29.6|>=3.0.0,<3.7.0                          |
| Reported at       | 2025-01-03T17:06:51+00:00                                                        |
+-------------------+----------------------------------------------------------------------------------+
+-------------------+----------------------------------------------------------------------------------+
| Package           | phpoffice/phpspreadsheet                                                         |
| Severity          | high                                                                             |
| CVE               | CVE-2024-56366                                                                   |
| Title             | PhpSpreadsheet allows unauthorized Reflected XSS in the Accounting.php file      |
| URL               | https://github.com/advisories/GHSA-c6fv-7vh8-2rhr                                |
| Affected versions | >=2.2.0,<=2.3.4|>=2.0.0,<=2.1.5|<=1.29.6|>=3.0.0,<3.7.0                          |
| Reported at       | 2025-01-03T17:06:23+00:00                                                        |
+-------------------+----------------------------------------------------------------------------------+
+-------------------+----------------------------------------------------------------------------------+
| Package           | phpoffice/phpspreadsheet                                                         |
| Severity          | high                                                                             |
| CVE               | CVE-2024-56365                                                                   |
| Title             | PhpSpreadsheet allows unauthorized Reflected XSS in the constructor of the       |
|                   | Downloader class                                                                 |
| URL               | https://github.com/advisories/GHSA-jmpx-686v-c3wx                                |
| Affected versions | >=2.2.0,<=2.3.4|>=2.0.0,<=2.1.5|<=1.29.6|>=3.0.0,<3.7.0                          |
| Reported at       | 2025-01-03T17:06:05+00:00                                                        |
+-------------------+----------------------------------------------------------------------------------+
+-------------------+----------------------------------------------------------------------------------+
| Package           | phpoffice/phpspreadsheet                                                         |
| Severity          | high                                                                             |
| CVE               | CVE-2024-56408                                                                   |
| Title             | PhpSpreadsheet allows unauthorized Reflected XSS in `Convert-Online.php` file    |
| URL               | https://github.com/advisories/GHSA-x88g-h956-m5xg                                |
| Affected versions | >=2.2.0,<=2.3.4|>=2.0.0,<=2.1.5|<=1.29.6|>=3.0.0,<3.7.0                          |
| Reported at       | 2025-01-03T16:05:26+00:00                                                        |
+-------------------+----------------------------------------------------------------------------------+
+-------------------+----------------------------------------------------------------------------------+
| Package           | phpoffice/phpspreadsheet                                                         |
| Severity          | high                                                                             |
| CVE               | CVE-2024-48917                                                                   |
| Title             | XXE in PHPSpreadsheet's XLSX reader                                              |
| URL               | https://github.com/advisories/GHSA-7cc9-j4mv-vcjp                                |
| Affected versions | >=3.3.0,<3.4.0|>=2.2.0,<2.3.2|>=2.0.0,<2.1.3|<1.29.4                             |
| Reported at       | 2024-11-18T20:01:46+00:00                                                        |
+-------------------+----------------------------------------------------------------------------------+
+-------------------+----------------------------------------------------------------------------------+
| Package           | phpoffice/phpspreadsheet                                                         |
| Severity          | high                                                                             |
| CVE               | CVE-2024-47873                                                                   |
| Title             | XmlScanner bypass leads to XXE                                                   |
| URL               | https://github.com/advisories/GHSA-jw4x-v69f-hh5w                                |
| Affected versions | >=3.3.0,<3.4.0|>=2.2.0,<2.3.2|>=2.0.0,<2.1.3|<1.29.4                             |
| Reported at       | 2024-11-18T20:01:20+00:00                                                        |
+-------------------+----------------------------------------------------------------------------------+
+-------------------+----------------------------------------------------------------------------------+
| Package           | phpoffice/phpspreadsheet                                                         |
| Severity          | high                                                                             |
| CVE               | CVE-2024-45293                                                                   |
| Title             | XXE in PHPSpreadsheet's XLSX reader                                              |
| URL               | https://github.com/advisories/GHSA-6hwr-6v2f-3m88                                |
| Affected versions | >=2.0.0,<2.1.1|<1.29.1|>=2.2.0,<2.3.0                                            |
| Reported at       | 2024-10-07T15:58:52+00:00                                                        |
+-------------------+----------------------------------------------------------------------------------+
+-------------------+----------------------------------------------------------------------------------+
| Package           | phpoffice/phpspreadsheet                                                         |
| Severity          | medium                                                                           |
| CVE               | CVE-2024-45292                                                                   |
| Title             | PhpSpreadsheet HTML writer is vulnerable to Cross-Site Scripting via JavaScript  |
|                   | hyperlinks                                                                       |
| URL               | https://github.com/advisories/GHSA-r8w8-74ww-j4wh                                |
| Affected versions | >=2.0.0,<2.1.1|<1.29.2|>=2.2.0,<2.3.0                                            |
| Reported at       | 2024-10-07T15:58:25+00:00                                                        |
+-------------------+----------------------------------------------------------------------------------+
+-------------------+----------------------------------------------------------------------------------+
| Package           | phpoffice/phpspreadsheet                                                         |
| Severity          | medium                                                                           |
| CVE               | CVE-2024-45291                                                                   |
| Title             | PhpSpreadsheet allows absolute path traversal and Server-Side Request Forgery in |
|                   | HTML writer when embedding images is enabled                                     |
| URL               | https://github.com/advisories/GHSA-w9xv-qf98-ccq4                                |
| Affected versions | >=2.0.0,<2.1.1|<1.29.2|>=2.2.0,<2.3.0                                            |
| Reported at       | 2024-10-07T15:58:06+00:00                                                        |
+-------------------+----------------------------------------------------------------------------------+
+-------------------+----------------------------------------------------------------------------------+
| Package           | phpoffice/phpspreadsheet                                                         |
| Severity          | high                                                                             |
| CVE               | CVE-2024-45290                                                                   |
| Title             | PhpSpreadsheet allows absolute path traversal and Server-Side Request Forgery    |
|                   | when opening XLSX file                                                           |
| URL               | https://github.com/advisories/GHSA-5gpr-w2p5-6m37                                |
| Affected versions | >=2.0.0,<2.1.1|<1.29.2|>=2.2.0,<2.3.0                                            |
| Reported at       | 2024-10-07T15:57:38+00:00                                                        |
+-------------------+----------------------------------------------------------------------------------+
+-------------------+----------------------------------------------------------------------------------+
| Package           | phpoffice/phpspreadsheet                                                         |
| Severity          | medium                                                                           |
| CVE               | CVE-2024-45060                                                                   |
| Title             | PhpSpreadsheet has an Unauthenticated Cross-Site-Scripting (XSS) in sample file  |
| URL               | https://github.com/advisories/GHSA-v66g-p9x6-v98p                                |
| Affected versions | >=2.0.0,<2.1.1|<1.29.2|>=2.2.0,<2.3.0                                            |
| Reported at       | 2024-10-07T14:43:30+00:00                                                        |
+-------------------+----------------------------------------------------------------------------------+
+-------------------+----------------------------------------------------------------------------------+
| Package           | phpoffice/phpspreadsheet                                                         |
| Severity          | high                                                                             |
| CVE               | CVE-2024-45048                                                                   |
| Title             | XXE in PHPSpreadsheet encoding is returned                                       |
| URL               | https://github.com/advisories/GHSA-ghg6-32f9-2jp7                                |
| Affected versions | >=2.0.0,<2.1.1|>=2.2.0,<2.2.1|<1.29.1                                            |
| Reported at       | 2024-08-29T17:58:27+00:00                                                        |
+-------------------+----------------------------------------------------------------------------------+
+-------------------+----------------------------------------------------------------------------------+
| Package           | phpoffice/phpspreadsheet                                                         |
| Severity          | medium                                                                           |
| CVE               | CVE-2024-45046                                                                   |
| Title             | PhpSpreadsheet HTML writer is vulnerable to Cross-Site Scripting via style       |
|                   | information                                                                      |
| URL               | https://github.com/advisories/GHSA-wgmf-q9vr-vww6                                |
| Affected versions | <1.29.1|>=2.0.0,<2.1.0                                                           |
| Reported at       | 2024-08-29T17:56:56+00:00                                                        |
+-------------------+----------------------------------------------------------------------------------+

