Composer Update Output at 2025-05-23 16:31:37:
sh: composer: not found

Composer Update Output at 2025-05-23 16:46:04:
Loading composer repositories with package information
Updating dependencies
Lock file operations: 0 installs, 2 updates, 1 removal
  - Removing myclabs/php-enum (1.8.5)
  - Upgrading maennchen/zipstream-php (2.4.0 => 3.1.2)
  - Upgrading psr/http-message (1.1 => 2.0)
Writing lock file
Installing dependencies from lock file (including require-dev)
Package operations: 0 installs, 2 updates, 1 removal
  - Downloading psr/http-message (2.0)
  - Downloading maennchen/zipstream-php (3.1.2)
 0/2 [>---------------------------]   0%
 1/2 [==============>-------------]  50%
 2/2 [============================] 100%
  - Removing myclabs/php-enum (1.8.5)
  - Upgrading psr/http-message (1.1 => 2.0): Extracting archive
  - Upgrading maennchen/zipstream-php (2.4.0 => 3.1.2): Extracting archive
 0/2 [>---------------------------]   0%
 2/2 [============================] 100%
Generating autoload files
1 package you are using is looking for funding.
Use the `composer fund` command to find out more!
Found 18 security vulnerability advisories affecting 1 package.
Run "composer audit" for a full list of advisories.

