Attempting to fetch posts at 2025-05-22 15:22:32
Successfully fetched 2 posts at 2025-05-22 15:22:32
Attempting to fetch posts at 2025-05-22 15:25:23
Successfully fetched 2 posts at 2025-05-22 15:25:23
Attempting to fetch posts at 2025-05-22 15:25:23
Successfully fetched 2 posts at 2025-05-22 15:25:23
Attempting to fetch posts at 2025-05-22 15:25:24
Successfully fetched 2 posts at 2025-05-22 15:25:24
Attempting to fetch posts at 2025-05-22 15:25:25
Successfully fetched 2 posts at 2025-05-22 15:25:25
Attempting to fetch posts at 2025-05-22 15:26:52
Successfully fetched 2 posts at 2025-05-22 15:26:52
Attempting to fetch posts at 2025-05-22 15:26:53
Successfully fetched 2 posts at 2025-05-22 15:26:53
Attempting to fetch posts at 2025-05-22 15:26:53
Successfully fetched 2 posts at 2025-05-22 15:26:53
Attempting to fetch posts at 2025-05-22 15:26:53
Successfully fetched 2 posts at 2025-05-22 15:26:53
Attempting to fetch posts at 2025-05-22 15:27:53
Successfully fetched 2 posts at 2025-05-22 15:27:53
Attempting to fetch posts at 2025-05-22 15:27:58
Successfully fetched 2 posts at 2025-05-22 15:27:58
Attempting to fetch posts at 2025-05-22 15:28:02
Successfully fetched 2 posts at 2025-05-22 15:28:02
Attempting to fetch posts at 2025-05-22 15:29:14
Successfully fetched 2 posts at 2025-05-22 15:29:14
Attempting to fetch posts at 2025-05-22 15:30:24
Successfully fetched 2 posts at 2025-05-22 15:30:24
Fetch posts request started at 2025-05-22 15:38:18
Fetch posts request started at 2025-05-22 15:38:18
Fetch posts request started at 2025-05-22 15:38:18
Fetch posts request started at 2025-05-22 15:38:19
Fetch posts request started at 2025-05-22 15:38:37
Fetch posts request started at 2025-05-22 15:41:37
Session check passed for user bikash at 2025-05-22 15:41:37
Fetch posts request started at 2025-05-22 15:45:08
Session check passed for user bikash at 2025-05-22 15:45:08
Fetch posts request started at 2025-05-22 15:45:08
Session check passed for user bikash at 2025-05-22 15:45:08
Fetch posts request started at 2025-05-22 15:45:09
Session check passed for user bikash at 2025-05-22 15:45:09
Fetch posts request started at 2025-05-22 15:45:09
Session check passed for user bikash at 2025-05-22 15:45:09
Fetch posts request started at 2025-05-22 15:46:04
Session check passed for user bikash at 2025-05-22 15:46:04
Fetch posts request started at 2025-05-22 15:46:05
Session check passed for user bikash at 2025-05-22 15:46:05
Fetch posts request started at 2025-05-22 15:46:05
Session check passed for user bikash at 2025-05-22 15:46:05
Fetch posts request started at 2025-05-22 15:46:05
Session check passed for user bikash at 2025-05-22 15:46:05
Fetch posts request started at 2025-05-22 15:46:05
Session check passed for user bikash at 2025-05-22 15:46:05
Fetch posts request started at 2025-05-22 15:46:05
Session check passed for user bikash at 2025-05-22 15:46:05
Fetch posts request started at 2025-05-22 15:46:06
Session check passed for user bikash at 2025-05-22 15:46:06
Fetch posts request started at 2025-05-22 15:46:56
Session check passed for user bikash at 2025-05-22 15:46:56
Fetch posts request started at 2025-05-22 15:49:49
Session check passed for user bikash at 2025-05-22 15:49:49
Fetch posts script started at 2025-05-22 15:53:54
Session started at 2025-05-22 15:53:54
Session check passed for user bikash at 2025-05-22 15:53:54
Fetch posts script started at 2025-05-22 15:57:10
Session started at 2025-05-22 15:57:10
Session check passed for user bikash at 2025-05-22 15:57:10
Fetch posts script started at 2025-05-22 15:58:11
Session started at 2025-05-22 15:58:11
Session check passed for user bikash at 2025-05-22 15:58:11
Fetch posts script started at 2025-05-22 16:07:15
Session started at 2025-05-22 16:07:15
Session data: {"id":"3","username":"bikash","csrf_token":"d08c3f9b631379ea9b1df444047e4c834b071ceeda469ef6d3d0d1a7c99007a1"} at 2025-05-22 16:07:15
Session check passed for user bikash at 2025-05-22 16:07:15
Fetch posts script started at 2025-05-22 16:08:40
Session started at 2025-05-22 16:08:40
Session data: {"id":"3","username":"bikash","csrf_token":"dd21af1106ff388b36aa254a42af18bbee54577523884acf66c353c0be4b1247"} at 2025-05-22 16:08:40
Session check passed for user bikash at 2025-05-22 16:08:40
Fetch posts script started at 2025-05-22 16:08:43
Session started at 2025-05-22 16:08:43
Session data: {"id":"3","username":"bikash","csrf_token":"96a60487129c6101e731940109aeed61e94d01a0fadb37b30fb6f844c0f1f429"} at 2025-05-22 16:08:43
Session check passed for user bikash at 2025-05-22 16:08:43
Fetch posts script started at 2025-05-22 16:08:43
Session started at 2025-05-22 16:08:43
Session data: {"id":"3","username":"bikash","csrf_token":"404226ee5b3d0764ad6c5b453ad72dfbae86384d942bc5d9832700e058898370"} at 2025-05-22 16:08:43
Session check passed for user bikash at 2025-05-22 16:08:43
Fetch posts script started at 2025-05-22 16:10:14
Session started at 2025-05-22 16:10:14
Session data: {"id":"3","username":"bikash","csrf_token":"85ecb8c0be2b8133cdc4745c9b55c11f7aa90ac9d61beed43604897221c301a4"} at 2025-05-22 16:10:14
Session check passed for user bikash at 2025-05-22 16:10:14
Fetch posts script started at 2025-05-22 16:26:50
Session started at 2025-05-22 16:26:50
Session data: {"id":"3","username":"bikash","csrf_token":"2fa35f0f52ca9faf8716633f8637dd85047316c6fe49c57fcf14f3a0a0c68944"} at 2025-05-22 16:26:50
Session check passed for user bikash at 2025-05-22 16:26:50
Fetch posts script started at 2025-05-22 16:29:15
Session started at 2025-05-22 16:29:15
Session data: {"id":"3","username":"bikash","csrf_token":"88628bf5db4bb81c12dcebc10a3b2fbb839930ac741df7cf6c6794879965cf84"} at 2025-05-22 16:29:15
Session check passed for user bikash at 2025-05-22 16:29:15
Fetch posts script started at 2025-05-22 16:39:25
Session started at 2025-05-22 16:39:25
Session data: {"id":"3","username":"bikash","csrf_token":"fbcf86e42ae9ba9a8f809c884b90260b919c26d50659cc6f8250cf6b5a17fbff"} at 2025-05-22 16:39:25
Session check passed for user bikash at 2025-05-22 16:39:25
Fetch posts script started at 2025-05-22 16:41:33
Session started at 2025-05-22 16:41:33
Session data: {"id":"3","username":"bikash","csrf_token":"b5c0c08b07bbb7e514b1c14a520555010aa6d5cfbb1210de28fb2592fe75f22c"} at 2025-05-22 16:41:33
Session check passed for user bikash at 2025-05-22 16:41:33
Fetch posts script started at 2025-05-22 16:42:07
Session started at 2025-05-22 16:42:07
Session data: {"id":"3","username":"bikash","csrf_token":"0673bfef5f2d3eb88e5fb1331dd0733b8ae61a34dd8eeff4c00f3c419de9f6b1"} at 2025-05-22 16:42:07
Session check passed for user bikash at 2025-05-22 16:42:07
Fetch posts script started at 2025-05-22 16:42:07
Session started at 2025-05-22 16:42:07
Session data: {"id":"3","username":"bikash","csrf_token":"06fb89ee884bcdd5e605a14cb9559b85dacec67af1c435f0e90b6836472ccec6"} at 2025-05-22 16:42:07
Session check passed for user bikash at 2025-05-22 16:42:07
Fetch posts script started at 2025-05-22 16:45:25
Session started at 2025-05-22 16:45:25
Session data: {"id":"3","username":"bikash","csrf_token":"7076ca5e4eb9dbcfc2cd9c9fc96c26acd5dbd2ab8447d67d437f1c93a3f4e8ee"} at 2025-05-22 16:45:25
Session check passed for user bikash at 2025-05-22 16:45:25
Fetch posts script started at 2025-05-22 16:45:25
Session started at 2025-05-22 16:45:25
Session data: {"id":"3","username":"bikash","csrf_token":"8080b9f9ec2927758ccbffdac9fb243b522934656861680dd6a3155620acc933"} at 2025-05-22 16:45:25
Session check passed for user bikash at 2025-05-22 16:45:25
Fetch posts script started at 2025-05-22 16:45:26
Session started at 2025-05-22 16:45:26
Session data: {"id":"3","username":"bikash","csrf_token":"3b9dcf286f2f7ca7ed32a304921a0012ecdf80774624d60fe0b904b856d1f8e9"} at 2025-05-22 16:45:26
Session check passed for user bikash at 2025-05-22 16:45:26
Fetch posts script started at 2025-05-22 16:49:11
Session started at 2025-05-22 16:49:11
Session data: {"id":"3","username":"bikash","csrf_token":"b0a6b574865f7c864930dfe3fef66a593be4880a68a1964b1ade86494d0d410a"} at 2025-05-22 16:49:11
Session check passed for user bikash at 2025-05-22 16:49:11
Fetch posts script started at 2025-05-22 16:49:13
Session started at 2025-05-22 16:49:13
Session data: {"id":"3","username":"bikash","csrf_token":"6481f093df768eede92a8daa0098486260d8a7e1025d1c730c2f521140ea93d3"} at 2025-05-22 16:49:13
Session check passed for user bikash at 2025-05-22 16:49:13
Fetch posts script started at 2025-05-22 16:49:13
Session started at 2025-05-22 16:49:13
Session data: {"id":"3","username":"bikash","csrf_token":"b54bbf80eb80358d459f85095a21db9f9b8d223af1fe629356591fd25ea5401d"} at 2025-05-22 16:49:13
Session check passed for user bikash at 2025-05-22 16:49:13
Fetch posts script started at 2025-05-22 16:49:21
Session started at 2025-05-22 16:49:21
Session data: {"id":"3","username":"bikash","csrf_token":"015082a11a523b9e143912d893c882c765b3f91f7c1ac58cd6c78a8da1cfbdc8"} at 2025-05-22 16:49:21
Session check passed for user bikash at 2025-05-22 16:49:21
Fetch posts script started at 2025-05-22 16:49:22
Session started at 2025-05-22 16:49:22
Session data: {"id":"3","username":"bikash","csrf_token":"a1d9c99e4513cbf14c4cb62ad696704f9f88aaab8069368914bea114a34baf5b"} at 2025-05-22 16:49:22
Session check passed for user bikash at 2025-05-22 16:49:22
Fetch posts script started at 2025-05-22 16:49:22
Session started at 2025-05-22 16:49:22
Session data: {"id":"3","username":"bikash","csrf_token":"484c0721743726681fa8f48e0e5893a82c9d406b608cbf793fb3988c8559e51e"} at 2025-05-22 16:49:22
Session check passed for user bikash at 2025-05-22 16:49:22
Fetch posts script started at 2025-05-22 16:49:22
Session started at 2025-05-22 16:49:22
Session data: {"id":"3","username":"bikash","csrf_token":"2618ba5306fe40a809f89b7baf8153ed36af7469af2b0f639ec08667f5438bee"} at 2025-05-22 16:49:22
Session check passed for user bikash at 2025-05-22 16:49:22
Fetch posts script started at 2025-05-22 16:49:22
Session started at 2025-05-22 16:49:22
Session data: {"id":"3","username":"bikash","csrf_token":"03be43f8c3f5452e491696f301cc34cc4583c32358cf3ba89c9b404179a15b82"} at 2025-05-22 16:49:22
Session check passed for user bikash at 2025-05-22 16:49:22
Fetch posts script started at 2025-05-22 16:51:19
Session started at 2025-05-22 16:51:19
Session data: {"id":"3","username":"bikash","csrf_token":"dd15bd36daacf4bc7b24f8dfc1c04b390ddef4824b2f0eb4a27595b8d2149003"} at 2025-05-22 16:51:19
Session check passed for user bikash at 2025-05-22 16:51:19
Fetch posts script started at 2025-05-22 16:51:19
Session started at 2025-05-22 16:51:19
Session data: {"id":"3","username":"bikash","csrf_token":"fb1c4b0309260e4bdc15d75b8b53bf6ab917ac16dbd57011418e87e9fa4031f8"} at 2025-05-22 16:51:19
Session check passed for user bikash at 2025-05-22 16:51:19
Fetch posts script started at 2025-05-22 16:51:20
Session started at 2025-05-22 16:51:20
Session data: {"id":"3","username":"bikash","csrf_token":"d2b5e47de8d76f4cbc0de31981e1bae1706847914aa4e51d1c3d341cffe0265f"} at 2025-05-22 16:51:20
Session check passed for user bikash at 2025-05-22 16:51:20
Fetch posts script started at 2025-05-22 16:54:45
Session started at 2025-05-22 16:54:45
Session data: [] at 2025-05-22 16:54:45
Fetch posts script started at 2025-05-22 16:54:45
Session started at 2025-05-22 16:54:45
Session data: [] at 2025-05-22 16:54:45
Fetch posts script started at 2025-05-22 16:54:48
Session started at 2025-05-22 16:54:48
Session data: [] at 2025-05-22 16:54:48
Fetch posts script started at 2025-05-22 17:01:52
Session started at 2025-05-22 17:01:52
Session data: {"id":"3","username":"bikash","csrf_token":"0e06df6a9e0efdde336689d695bc65459559a2388e3156dfdc9c961afc124688"} at 2025-05-22 17:01:52
Session check passed for user bikash at 2025-05-22 17:01:52
Fetch posts script started at 2025-05-22 17:01:52
Session started at 2025-05-22 17:01:52
Session data: {"id":"3","username":"bikash","csrf_token":"9d00057c7942a1e97dc5fa65e3107b2c7e25dcdd201dfda757cebb6b9b69ca39"} at 2025-05-22 17:01:52
Session check passed for user bikash at 2025-05-22 17:01:52
Fetch posts script started at 2025-05-22 17:01:53
Session started at 2025-05-22 17:01:53
Session data: {"id":"3","username":"bikash","csrf_token":"f89dec01d8290976e6d38bb69436d8e04519a479454a2f3b1fd92e8fd27cacb9"} at 2025-05-22 17:01:53
Session check passed for user bikash at 2025-05-22 17:01:53
Fetch posts script started at 2025-05-22 17:01:53
Session started at 2025-05-22 17:01:53
Session data: {"id":"3","username":"bikash","csrf_token":"84eaeec480ebea51eea45335e1c888d0b9086d45d69d8ea3ab3f886f12af9b4e"} at 2025-05-22 17:01:53
Session check passed for user bikash at 2025-05-22 17:01:53
Fetch posts script started at 2025-05-22 17:21:06
Session started at 2025-05-22 17:21:06
Session data: {"id":"3","username":"bikash","csrf_token":"48efa44a2078ce5e95e7cd6e27030d32309df0683c778a554545566c613219f4"} at 2025-05-22 17:21:06
Session check passed for user bikash at 2025-05-22 17:21:06
Fetch posts script started at 2025-05-22 17:21:12
Session started at 2025-05-22 17:21:12
Session data: {"id":"3","username":"bikash","csrf_token":"ae2d0bdf1e12ce33609eed422f2006b3e0162c165509f2bbb5ccb9c205f29b58"} at 2025-05-22 17:21:12
Session check passed for user bikash at 2025-05-22 17:21:12
Fetch posts script started at 2025-05-22 17:21:12
Session started at 2025-05-22 17:21:12
Session data: {"id":"3","username":"bikash","csrf_token":"e22aee053856895b64b60f9b99a386f24f9dc7f1d5d41f1c299ca42c79d1de9a"} at 2025-05-22 17:21:12
Session check passed for user bikash at 2025-05-22 17:21:12
Fetch posts script started at 2025-05-22 17:21:13
Session started at 2025-05-22 17:21:13
Session data: {"id":"3","username":"bikash","csrf_token":"af09bc62160978b5848388845f131c1b90868732d3bc5845832f590b4cfd2ff0"} at 2025-05-22 17:21:13
Session check passed for user bikash at 2025-05-22 17:21:13
Fetch posts script started at 2025-05-22 17:22:05
Session started at 2025-05-22 17:22:05
Session data: {"id":"1","username":"osaka_ueda","csrf_token":"cc1f364d74a010d2c58a41ecf422678c0acdf4281fb314b9f92ab29ea71a7fa7"} at 2025-05-22 17:22:05
Session check passed for user osaka_ueda at 2025-05-22 17:22:05
Fetch posts script started at 2025-05-22 17:22:43
Session started at 2025-05-22 17:22:43
Session data: {"id":"1","username":"osaka_ueda","csrf_token":"93071a6b09bf7827d5f130328b8b789745a89fc3047d41ac0f08870db2d48fde"} at 2025-05-22 17:22:43
Session check passed for user osaka_ueda at 2025-05-22 17:22:43
Fetch posts script started at 2025-05-22 17:22:46
Session started at 2025-05-22 17:22:46
Session data: {"id":"1","username":"osaka_ueda","csrf_token":"8c4da2bd1fbc0870ef37fcb16d1936bdd0d129761d40399e79eecd0193ec4788"} at 2025-05-22 17:22:46
Session check passed for user osaka_ueda at 2025-05-22 17:22:46
Fetch posts script started at 2025-05-22 17:25:31
Session started at 2025-05-22 17:25:31
Session data: {"id":"1","username":"osaka_ueda","csrf_token":"dd10f8bbe40641cab3ef1f58b9354798c865759595b6ed11f408b5762a689044"} at 2025-05-22 17:25:31
Session check passed for user osaka_ueda at 2025-05-22 17:25:31
Fetch posts script started at 2025-05-22 17:25:53
Session started at 2025-05-22 17:25:53
Session data: {"id":"1","username":"osaka_ueda","csrf_token":"c8314404fca492486568f22ebe931557f907e7b98e3bf6e5c7b9d02fa1649d17"} at 2025-05-22 17:25:53
Session check passed for user osaka_ueda at 2025-05-22 17:25:53
Fetch posts script started at 2025-05-22 17:25:53
Session started at 2025-05-22 17:25:53
Session data: {"id":"1","username":"osaka_ueda","csrf_token":"b39ec1cd2094185212101bba6632869d33e7af5b3a66e543d03981b781ca6cbf"} at 2025-05-22 17:25:53
Session check passed for user osaka_ueda at 2025-05-22 17:25:53
Fetch posts script started at 2025-05-22 17:26:38
Session started at 2025-05-22 17:26:38
Session data: {"id":"4","username":"tokyo","csrf_token":"a2f3a1fdd0b32fbcbb087309955242c861d8026407e8edee40494ac425011689"} at 2025-05-22 17:26:38
Session check passed for user tokyo at 2025-05-22 17:26:38
Fetch posts script started at 2025-05-22 17:26:54
Session started at 2025-05-22 17:26:54
Session data: {"id":"3","username":"bikash","csrf_token":"56cb76d69aa8855de23ff763b10390e4539f6a59010b67684b7a6df6a6c3f166"} at 2025-05-22 17:26:54
Session check passed for user bikash at 2025-05-22 17:26:54
Fetch posts script started at 2025-05-22 17:35:14
Session started at 2025-05-22 17:35:14
Session data: {"id":"3","username":"bikash","csrf_token":"4c9cc57cd250830d9eaef2ca824764450e901c847cadc1d991a9d8fa3b690f6c"} at 2025-05-22 17:35:14
Session check passed for user bikash at 2025-05-22 17:35:14
Fetch posts script started at 2025-05-22 17:35:14
Session started at 2025-05-22 17:35:14
Session data: {"id":"3","username":"bikash","csrf_token":"a8a02d1e6b3ff60e98409c4372a9e36f44a6fa406aadcc5e59c46b19fa34eec7"} at 2025-05-22 17:35:14
Session check passed for user bikash at 2025-05-22 17:35:14
Fetch posts script started at 2025-05-22 17:35:14
Session started at 2025-05-22 17:35:14
Session data: {"id":"3","username":"bikash","csrf_token":"9e66e156041e5d0a049cf15f1865691d404d4d4719a229e2a14c368aab371027"} at 2025-05-22 17:35:14
Session check passed for user bikash at 2025-05-22 17:35:14
Fetch posts script started at 2025-05-22 17:35:42
Session started at 2025-05-22 17:35:42
Session data: {"id":"3","username":"bikash","csrf_token":"7391cfacbd1f26bbca00a39e9e86222c4f65e32d1a680433b0473bbcefac6ed8"} at 2025-05-22 17:35:42
Session check passed for user bikash at 2025-05-22 17:35:42
Fetch posts script started at 2025-05-22 17:40:29
Session started at 2025-05-22 17:40:29
Session data: {"id":"3","username":"bikash","csrf_token":"5ca597212a660a69e984c96c0f04f7726fc2b33c3ac38091aadbe21933f5db29"} at 2025-05-22 17:40:29
Session check passed for user bikash at 2025-05-22 17:40:29
Fetch posts script started at 2025-05-22 17:40:30
Session started at 2025-05-22 17:40:30
Session data: {"id":"3","username":"bikash","csrf_token":"48c8f428f14f36aa9274402ce275ed3030429327ec0250985ca8101e4b07b71a"} at 2025-05-22 17:40:30
Session check passed for user bikash at 2025-05-22 17:40:30
Fetch posts script started at 2025-05-22 17:40:31
Session started at 2025-05-22 17:40:31
Session data: {"id":"3","username":"bikash","csrf_token":"b15dffa043735818be8c241b5b7e44685089cb681828a387dc83792079613783"} at 2025-05-22 17:40:31
Session check passed for user bikash at 2025-05-22 17:40:31
Fetch posts script started at 2025-05-22 17:42:23
Session started at 2025-05-22 17:42:23
Session data: {"id":"3","username":"bikash","csrf_token":"28645e80cf0884c3dd986780520d87dc588de4742387d13b2a24348123e187cc"} at 2025-05-22 17:42:23
Session check passed for user bikash at 2025-05-22 17:42:23
Fetch posts script started at 2025-05-22 17:46:01
Session started at 2025-05-22 17:46:01
Session data: {"id":"3","username":"bikash","csrf_token":"c74e2ec4bf300cd367cd31c898df7773428eb4965699eeb5ee4fdee14708c206"} at 2025-05-22 17:46:01
Session check passed for user bikash at 2025-05-22 17:46:01
Fetch posts script started at 2025-05-22 17:47:19
Session started at 2025-05-22 17:47:19
Session data: {"id":"3","username":"bikash","csrf_token":"6651a05042da92e42de9ab7b59cee3d749f8b5574867d026a081428769f6bf13"} at 2025-05-22 17:47:19
Session check passed for user bikash at 2025-05-22 17:47:19
Fetch posts script started at 2025-05-22 17:47:32
Session started at 2025-05-22 17:47:32
Session data: {"id":"3","username":"bikash","csrf_token":"ae740847325f5d17e48dddd1dc404c1cb69322bb8cfcdc25ddab05f825e0f8a9"} at 2025-05-22 17:47:32
Session check passed for user bikash at 2025-05-22 17:47:32
Fetch posts script started at 2025-05-22 17:47:33
Session started at 2025-05-22 17:47:33
Session data: {"id":"3","username":"bikash","csrf_token":"bcf9e3e531a1369947c1a079d1d3f0064286908ba7b3451f1d91f231fb96399c"} at 2025-05-22 17:47:33
Session check passed for user bikash at 2025-05-22 17:47:33
Fetch posts script started at 2025-05-22 17:47:41
Session started at 2025-05-22 17:47:41
Session data: {"id":"3","username":"bikash","csrf_token":"34b48ca8fc3b0411dc88ecb235bae93dd864bf00d511ce2b167a3d3acc3a408d"} at 2025-05-22 17:47:41
Session check passed for user bikash at 2025-05-22 17:47:41
Fetch posts script started at 2025-05-22 17:47:41
Session started at 2025-05-22 17:47:41
Session data: {"id":"3","username":"bikash","csrf_token":"cfc63c871c54dd398b52a7e7d78d54b448468a9c946382f9d0afe0739626c088"} at 2025-05-22 17:47:41
Session check passed for user bikash at 2025-05-22 17:47:41
Fetch posts script started at 2025-05-22 17:54:44
Session started at 2025-05-22 17:54:44
Session data: {"id":"3","username":"bikash","csrf_token":"7ee46efb47e5a5bfc44df15ee501b553e4533789d6d14aa7311a5fd84a96ede0"} at 2025-05-22 17:54:44
Session check passed for user bikash at 2025-05-22 17:54:44
Fetch posts script started at 2025-05-22 17:55:19
Session started at 2025-05-22 17:55:19
Session data: {"id":"3","username":"bikash","csrf_token":"df723c41709c83a46b078fcec43cb5f6b89e24aac041087f67b216cf6fa19ccf"} at 2025-05-22 17:55:19
Session check passed for user bikash at 2025-05-22 17:55:19
Fetch posts script started at 2025-05-22 17:56:53
Session started at 2025-05-22 17:56:53
Session data: {"id":"1","username":"osaka_ueda","csrf_token":"a16b1e96d6a01d24fe4224ab2660cf45affa8e2f8a40b2fcd9e60291c12cee44"} at 2025-05-22 17:56:53
Session check passed for user osaka_ueda at 2025-05-22 17:56:53
Fetch posts script started at 2025-05-22 17:57:49
Session started at 2025-05-22 17:57:49
Session data: {"id":"1","username":"osaka_ueda","csrf_token":"34db6157035ea23bed856d557b355b42b186b65ad41f7111fff7449ad5e73a2b"} at 2025-05-22 17:57:49
Session check passed for user osaka_ueda at 2025-05-22 17:57:49
Fetch posts script started at 2025-05-22 17:57:50
Session started at 2025-05-22 17:57:50
Session data: {"id":"1","username":"osaka_ueda","csrf_token":"3108c0485722aed7f205447ea0c5e4c43beeeb3d0e47287dcf31a60b1a19defa"} at 2025-05-22 17:57:50
Session check passed for user osaka_ueda at 2025-05-22 17:57:50
Fetch posts script started at 2025-05-22 17:58:10
Session started at 2025-05-22 17:58:10
Session data: {"id":"1","username":"osaka_ueda","csrf_token":"cb63c899c07a19e367922048fe7aa5b1b39bfbff2c0ac2600962548d43719988"} at 2025-05-22 17:58:10
Session check passed for user osaka_ueda at 2025-05-22 17:58:10
Fetch posts script started at 2025-05-22 17:59:25
Session started at 2025-05-22 17:59:25
Session data: {"id":"3","username":"bikash","csrf_token":"f84f5f8630ca7c5a57702dba9588ea7855b7bf42bf95148f60e377ffe8fa4b77"} at 2025-05-22 17:59:25
Session check passed for user bikash at 2025-05-22 17:59:25
Fetch posts script started at 2025-05-22 17:59:37
Session started at 2025-05-22 17:59:37
Session data: {"id":"3","username":"bikash","csrf_token":"6a04fc0a12a901d21c6ae3b9d83eaedc7774c50383cc2962648e0dedb8f2e2ee"} at 2025-05-22 17:59:37
Session check passed for user bikash at 2025-05-22 17:59:37
Fetch posts script started at 2025-05-22 17:59:37
Session started at 2025-05-22 17:59:37
Session data: {"id":"3","username":"bikash","csrf_token":"29f9408fffbd4b34478c686f59079111d125f37f736d6b3fe9332224faf783ed"} at 2025-05-22 17:59:37
Session check passed for user bikash at 2025-05-22 17:59:37
Fetch posts script started at 2025-05-22 17:59:37
Session started at 2025-05-22 17:59:37
Session data: {"id":"3","username":"bikash","csrf_token":"805641da490dfab4a454e62fdeb473d3e180bef0ab90cebeffe9e984f6bc72c7"} at 2025-05-22 17:59:37
Session check passed for user bikash at 2025-05-22 17:59:37
Fetch posts script started at 2025-05-22 17:59:37
Session started at 2025-05-22 17:59:37
Session data: {"id":"3","username":"bikash","csrf_token":"654cbb260727590d8bb577c90ccf473523754d476565e65ab1bef22dbf6cd338"} at 2025-05-22 17:59:37
Session check passed for user bikash at 2025-05-22 17:59:37
Fetch posts script started at 2025-05-22 17:59:38
Session started at 2025-05-22 17:59:38
Session data: {"id":"3","username":"bikash","csrf_token":"deeae4155e1b82a0b43010aab444951912aa070f1f1c39d60fae4c2b835a9cc0"} at 2025-05-22 17:59:38
Session check passed for user bikash at 2025-05-22 17:59:38
Fetch posts script started at 2025-05-22 17:59:46
Session started at 2025-05-22 17:59:46
Session data: {"id":"3","username":"bikash","csrf_token":"38f8b0c6d51dcced8bfa8b6ad672ab38f7004affe6b9a3f72d2e50368d7120f9"} at 2025-05-22 17:59:46
Session check passed for user bikash at 2025-05-22 17:59:46
Fetch posts script started at 2025-05-22 18:00:01
Session started at 2025-05-22 18:00:01
Session data: {"id":"3","username":"bikash","csrf_token":"43b9c182fd95359e6c4fa76e8d4d057c3c522d13c62ea5c0cbbce394c275cb36"} at 2025-05-22 18:00:01
Session check passed for user bikash at 2025-05-22 18:00:01
Fetch posts script started at 2025-05-22 18:02:15
Session started at 2025-05-22 18:02:15
Session data: {"id":"3","username":"bikash","csrf_token":"124e2e8fe8532d8d19e4ce12998175628416407d509c18e3a5f4e72dcea081e5"} at 2025-05-22 18:02:15
Session check passed for user bikash at 2025-05-22 18:02:15
Fetch posts script started at 2025-05-22 18:02:15
Session started at 2025-05-22 18:02:15
Session data: {"id":"3","username":"bikash","csrf_token":"f8c2915fb7b029a65d7c29422f335064fb384d5969f4ae6e0d44c50a9d0a27cd"} at 2025-05-22 18:02:15
Session check passed for user bikash at 2025-05-22 18:02:15
Fetch posts script started at 2025-05-22 18:02:43
Session started at 2025-05-22 18:02:43
Session data: {"id":"3","username":"bikash","csrf_token":"79a5d706abcb44d4dda1e0ac3b4523da8c794b2567b8ccaf04d5c9eb82e3e0e1"} at 2025-05-22 18:02:43
Session check passed for user bikash at 2025-05-22 18:02:43
Fetch posts script started at 2025-05-22 18:10:18
Session started at 2025-05-22 18:10:18
Session data: {"id":"1","username":"osaka_ueda","csrf_token":"7ab413c7ecf3d1261eb21ca535c0aa819c8cbd8b7d45f4de48d698eeed947542"} at 2025-05-22 18:10:18
Session check passed for user osaka_ueda at 2025-05-22 18:10:18
Fetch posts script started at 2025-05-22 18:10:19
Session started at 2025-05-22 18:10:19
Session data: {"id":"1","username":"osaka_ueda","csrf_token":"e40011b87438242179c5b612ed7fd18031c5db01e4e0c0f32cd77fe335db16f8"} at 2025-05-22 18:10:19
Session check passed for user osaka_ueda at 2025-05-22 18:10:19
Fetch posts script started at 2025-05-22 18:12:43
Session started at 2025-05-22 18:12:43
Session data: {"id":"1","username":"osaka_ueda","csrf_token":"dd85fe349814873b5aecdcedc0f8404e56e308a46c8ab1d547c286bfa8a83303"} at 2025-05-22 18:12:43
Session check passed for user osaka_ueda at 2025-05-22 18:12:43
Fetch posts script started at 2025-05-22 18:13:16
Session started at 2025-05-22 18:13:16
Session data: {"id":"1","username":"osaka_ueda","csrf_token":"352cc43c54143578cd50c929550146e6228169832961469aeb388b12380c01aa"} at 2025-05-22 18:13:16
Session check passed for user osaka_ueda at 2025-05-22 18:13:16
Fetch posts script started at 2025-05-22 18:13:20
Session started at 2025-05-22 18:13:20
Session data: {"id":"1","username":"osaka_ueda","csrf_token":"cc182424e106e4b4b237964e7ddaaf781450900ddfe785f8e24a62a494de2cac"} at 2025-05-22 18:13:20
Session check passed for user osaka_ueda at 2025-05-22 18:13:20
Fetch posts script started at 2025-05-22 18:14:11
Session started at 2025-05-22 18:14:11
Session data: {"id":"1","username":"osaka_ueda","csrf_token":"d2f070a1789558182cbfccf32feb1d4a72ba10c4ae5b415549d7515541f62c1e"} at 2025-05-22 18:14:11
Session check passed for user osaka_ueda at 2025-05-22 18:14:11
Fetch posts script started at 2025-05-22 18:19:46
Session started at 2025-05-22 18:19:46
Session data: {"id":"1","username":"osaka_ueda","csrf_token":"a38b06f48248709f4c4794d03c77ffecef1fbdbcc948959d6fbb4e89f7f6255d"} at 2025-05-22 18:19:46
Session check passed for user osaka_ueda at 2025-05-22 18:19:46
Fetch posts script started at 2025-05-22 18:20:03
Session started at 2025-05-22 18:20:03
Session data: {"id":"1","username":"osaka_ueda","csrf_token":"b2990129d91f41069aedd255c2b4444ef8070672e7aa813ee0d72805b22dc66d"} at 2025-05-22 18:20:03
Session check passed for user osaka_ueda at 2025-05-22 18:20:03
Fetch posts script started at 2025-05-22 18:20:05
Session started at 2025-05-22 18:20:05
Session data: {"id":"1","username":"osaka_ueda","csrf_token":"36c13c1855e55e0d526f9b4b08f02d350a029dc50f97d9d08440ebe1a15786d8"} at 2025-05-22 18:20:05
Session check passed for user osaka_ueda at 2025-05-22 18:20:05
Fetch posts script started at 2025-05-22 18:20:14
Session started at 2025-05-22 18:20:14
Session data: {"id":"1","username":"osaka_ueda","csrf_token":"5ecf3779b0d9475fdb853a83a4bffb5006af500231178d097f64ad428d098a19"} at 2025-05-22 18:20:14
Session check passed for user osaka_ueda at 2025-05-22 18:20:14
Fetch posts script started at 2025-05-22 18:20:23
Session started at 2025-05-22 18:20:23
Session data: {"id":"1","username":"osaka_ueda","csrf_token":"d745ca2c7673f57788a03d309d5d571a581099f5313b7bb0445f4b0c406a7b25"} at 2025-05-22 18:20:23
Session check passed for user osaka_ueda at 2025-05-22 18:20:23
Fetch posts script started at 2025-05-22 18:20:46
Session started at 2025-05-22 18:20:46
Session data: {"id":"1","username":"osaka_ueda","csrf_token":"b3604575107e7b3c7efb28c76e181fa71a1c399ff68c80e3f9aaa998725892a7"} at 2025-05-22 18:20:46
Session check passed for user osaka_ueda at 2025-05-22 18:20:46
Fetch posts script started at 2025-05-22 23:04:33
Session started at 2025-05-22 23:04:33
Session data: {"id":"3","username":"bikash","csrf_token":"d6df48d9ceee1762f3d9883a7c910d1c0bf10284233a8d27c255bf9e8fc3a106"} at 2025-05-22 23:04:33
Session check passed for user bikash at 2025-05-22 23:04:33
Fetch posts script started at 2025-05-22 23:18:22
Session started at 2025-05-22 23:18:22
Session data: {"id":"1","username":"osaka_ueda","csrf_token":"18870cceef5af5ef1ca5aa0203c93db6023c25bb252c22c65115d9a04180db38"} at 2025-05-22 23:18:22
Session check passed for user osaka_ueda at 2025-05-22 23:18:22
Fetch posts script started at 2025-05-22 23:19:21
Session started at 2025-05-22 23:19:21
Session data: {"id":"1","username":"osaka_ueda","csrf_token":"e77f1c6d6c7987fd6c4a13e430f45557cb3814317ef8b3cf4af2b90eca4a56b3"} at 2025-05-22 23:19:21
Session check passed for user osaka_ueda at 2025-05-22 23:19:21
Fetch posts script started at 2025-05-22 23:20:11
Session started at 2025-05-22 23:20:11
Session data: {"id":"1","username":"osaka_ueda","csrf_token":"8147e7597c9f0588c7fc39a9c070a0e8c7628a64777fb029c7e0e55333196c00"} at 2025-05-22 23:20:11
Session check passed for user osaka_ueda at 2025-05-22 23:20:11
Fetch posts script started at 2025-05-22 23:23:03
Session started at 2025-05-22 23:23:03
Session data: {"id":"1","username":"osaka_ueda","csrf_token":"07a374af586c48b6bd7a990c5f6b8a31cc4083039ffa50cd4c8b0b6356b6e12e"} at 2025-05-22 23:23:03
Session check passed for user osaka_ueda at 2025-05-22 23:23:03
Fetch posts script started at 2025-05-23 08:54:05
Session started at 2025-05-23 08:54:05
Session data: {"id":"1","username":"osaka_ueda","csrf_token":"41e66af554b12b6a6ca4e932f1028535dfa9adbfb533fd5cbdc17d44a6b06d88"} at 2025-05-23 08:54:05
Session check passed for user osaka_ueda at 2025-05-23 08:54:05
Script started at 2025-08-18 14:20:42
Session started at 2025-08-18 14:20:42
Cookies received: {"PHPSESSID":"fl2qumq2ndmak16crogldda33l"}
Session data: {"id":3,"username":"bikash","csrf_token":"0d2c63c7a98fd3002f754caf8f0ebe27f7667793e2d04245c0f0a6efa4deef1e"}
Before session check at 2025-08-18 14:20:42
Session check passed for user bikash at 2025-08-18 14:20:42
Attempting to include db_connect.php at 2025-08-18 14:20:42
Script started at 2025-08-18 14:49:30
Session started at 2025-08-18 14:49:30
Cookies received: {"PHPSESSID":"k5v36i4dp9smr9m2ogjudcfe5s"}
Session data: {"id":3,"username":"bikash","csrf_token":"d269a53b2ea2a4b9f39a3c188d6b5824b07dec035dffc0a2fb4fe4cc26e583f0"}
Before session check at 2025-08-18 14:49:30
Session check passed for user bikash at 2025-08-18 14:49:30
Attempting to include db_connect.php at 2025-08-18 14:49:30
Script started at 2025-08-18 14:49:43
Session started at 2025-08-18 14:49:43
Cookies received: {"PHPSESSID":"k5v36i4dp9smr9m2ogjudcfe5s"}
Session data: {"id":3,"username":"bikash","csrf_token":"2989723ed636e105c1a465bd99df0c99fbb897fd4e16dc72a6efbdace5e7c0a2"}
Before session check at 2025-08-18 14:49:43
Session check passed for user bikash at 2025-08-18 14:49:43
Attempting to include db_connect.php at 2025-08-18 14:49:43
Script started at 2025-08-18 14:52:38
Session started at 2025-08-18 14:52:38
Cookies received: {"PHPSESSID":"fl2qumq2ndmak16crogldda33l"}
Session data: {"id":4,"username":"tokyo","csrf_token":"ca1f8d7518829bb1e904e2ea3dfab3a05304cf9a4978a2144a62076b4a56eed6"}
Before session check at 2025-08-18 14:52:38
Session check passed for user tokyo at 2025-08-18 14:52:38
Attempting to include db_connect.php at 2025-08-18 14:52:38
Script started at 2025-08-18 14:53:29
Session started at 2025-08-18 14:53:29
Cookies received: {"PHPSESSID":"k5v36i4dp9smr9m2ogjudcfe5s"}
Session data: {"id":4,"username":"tokyo","csrf_token":"7fb242fa1dfdc9e4fdc854e66a7fa563c31041630e69ee76f1c405560784d564"}
Before session check at 2025-08-18 14:53:29
Session check passed for user tokyo at 2025-08-18 14:53:29
Attempting to include db_connect.php at 2025-08-18 14:53:29
Script started at 2025-08-18 15:02:03
Session started at 2025-08-18 15:02:03
Cookies received: {"PHPSESSID":"fl2qumq2ndmak16crogldda33l"}
Session data: {"id":4,"username":"tokyo","csrf_token":"61140c9d32bf2a6da208842f66512c47d7b3dd5be9965c0514830c61c37281e0"}
Before session check at 2025-08-18 15:02:03
Session check passed for user tokyo at 2025-08-18 15:02:03
Attempting to include db_connect.php at 2025-08-18 15:02:03
Script started at 2025-08-18 15:02:06
Session started at 2025-08-18 15:02:06
Cookies received: {"PHPSESSID":"fl2qumq2ndmak16crogldda33l"}
Session data: {"id":4,"username":"tokyo","csrf_token":"541d345c02dbe423752992c1d31493bd9303caf69f2b64d837ca1907bfecf381"}
Before session check at 2025-08-18 15:02:06
Session check passed for user tokyo at 2025-08-18 15:02:06
Attempting to include db_connect.php at 2025-08-18 15:02:06
Script started at 2025-08-18 15:15:35
Session started at 2025-08-18 15:15:35
Cookies received: {"PHPSESSID":"fl2qumq2ndmak16crogldda33l"}
Session data: {"id":4,"username":"tokyo","csrf_token":"4e67d6af0c71c5e09f54ac262ecf1d4d4c4f518712fafc0dede08abc460fcb41"}
Before session check at 2025-08-18 15:15:35
Session check passed for user tokyo at 2025-08-18 15:15:35
Attempting to include db_connect.php at 2025-08-18 15:15:35
Script started at 2025-08-18 15:19:21
Session started at 2025-08-18 15:19:21
Cookies received: {"PHPSESSID":"su0pabv9ut768q4sta2setaph0"}
Session data: {"id":3,"username":"bikash","csrf_token":"e9f4960e11d55af2d76ef5989002200328ca1b4160d67b303c9ea05b02295dbf"}
Before session check at 2025-08-18 15:19:21
Session check passed for user bikash at 2025-08-18 15:19:21
Attempting to include db_connect.php at 2025-08-18 15:19:21
Script started at 2025-08-18 15:20:07
Session started at 2025-08-18 15:20:07
Cookies received: {"PHPSESSID":"ru93g8t2e762udi7og8o4g7sbd"}
Session data: {"id":3,"username":"bikash","csrf_token":"16c97c80448e927bdd0040769c9e28ab6e978730cea14f4efd269a013bae3ac7"}
Before session check at 2025-08-18 15:20:07
Session check passed for user bikash at 2025-08-18 15:20:07
Attempting to include db_connect.php at 2025-08-18 15:20:07
Script started at 2025-08-18 15:37:14
Session started at 2025-08-18 15:37:14
Cookies received: {"PHPSESSID":"hqe7ltalppj4pfs7kbcv377c0o"}
Session data: {"id":3,"username":"bikash","csrf_token":"5000d8dd76f7c565ab54660900f64804bf40c63558d38e609c67dff37de2e8a1"}
Before session check at 2025-08-18 15:37:14
Session check passed for user bikash at 2025-08-18 15:37:14
Attempting to include db_connect.php at 2025-08-18 15:37:14
Script started at 2025-08-18 15:38:10
Session started at 2025-08-18 15:38:10
Cookies received: {"PHPSESSID":"hqe7ltalppj4pfs7kbcv377c0o"}
Session data: {"id":3,"username":"bikash","csrf_token":"411b95b298028c344f23e8f31875385d63849a3faba19c2d0fa40c29cdd16031"}
Before session check at 2025-08-18 15:38:10
Session check passed for user bikash at 2025-08-18 15:38:10
Attempting to include db_connect.php at 2025-08-18 15:38:10
Script started at 2025-08-18 16:14:47
Session started at 2025-08-18 16:14:47
Cookies received: {"PHPSESSID":"fl2qumq2ndmak16crogldda33l"}
Session data: {"id":4,"username":"tokyo","csrf_token":"454db11399b94f270648fc7c4f860e2816bc1899b93604a565d3bd7c5299d81b"}
Before session check at 2025-08-18 16:14:47
Session check passed for user tokyo at 2025-08-18 16:14:47
Attempting to include db_connect.php at 2025-08-18 16:14:47
Script started at 2025-08-18 16:15:18
Session started at 2025-08-18 16:15:18
Cookies received: {"PHPSESSID":"kfbv0j5ucnleduvkp5u3sjob6n"}
Session data: {"id":3,"username":"bikash","csrf_token":"98b53e625f7d34e29526012124a4ab37efbfc6122553658ba75f8cd9f876ac0d"}
Before session check at 2025-08-18 16:15:18
Session check passed for user bikash at 2025-08-18 16:15:18
Attempting to include db_connect.php at 2025-08-18 16:15:18
Script started at 2025-08-18 16:20:13
Session started at 2025-08-18 16:20:13
Cookies received: {"PHPSESSID":"doj9bm624loaujlm20sn2k3d2d"}
Session data: {"id":3,"username":"bikash","csrf_token":"4e34a1a92931fe98aa9972e375a8b39a3dcedc8caa975e743261a8cf33f99301"}
Before session check at 2025-08-18 16:20:13
Session check passed for user bikash at 2025-08-18 16:20:13
Attempting to include db_connect.php at 2025-08-18 16:20:13
Script started at 2025-08-18 16:21:47
Session started at 2025-08-18 16:21:47
Cookies received: {"PHPSESSID":"vrheq0ukfl81rlqih7c6f607l3"}
Session data: {"id":3,"username":"bikash","csrf_token":"dffd157b49ada72d52d37fe2a7f2946f83f4755d35fc5b094bc07b7bb268452c"}
Before session check at 2025-08-18 16:21:47
Session check passed for user bikash at 2025-08-18 16:21:47
Attempting to include db_connect.php at 2025-08-18 16:21:47
Script started at 2025-08-18 16:24:41
Session started at 2025-08-18 16:24:41
Cookies received: {"PHPSESSID":"f08tscdjrma2ulphv5s0gnokmd"}
Session data: {"id":3,"username":"bikash","csrf_token":"a28b5a5734dd82ab286da2789b2cdcbe6fe00a73aeb9f07641406f1c448093ce"}
Before session check at 2025-08-18 16:24:41
Session check passed for user bikash at 2025-08-18 16:24:41
Attempting to include db_connect.php at 2025-08-18 16:24:41
Script started at 2025-08-18 16:27:06
Session started at 2025-08-18 16:27:06
Cookies received: {"PHPSESSID":"dhj86ed8roegms1s30cu6378g9"}
Session data: {"id":3,"username":"bikash","csrf_token":"123b751dd41e5b661e2914fb58cc616d58c1c547283cb784ec90e7b5553cb68b"}
Before session check at 2025-08-18 16:27:06
Session check passed for user bikash at 2025-08-18 16:27:06
Attempting to include db_connect.php at 2025-08-18 16:27:06
Script started at 2025-08-18 16:29:25
Session started at 2025-08-18 16:29:25
Cookies received: {"PHPSESSID":"hs5hd6ak9828o721hi5gel0m9h"}
Session data: {"id":3,"username":"bikash","csrf_token":"a4b2c453bad1444efb881a89d3b8b41292f8ac627175f9aab874bbbc59628db6"}
Before session check at 2025-08-18 16:29:25
Session check passed for user bikash at 2025-08-18 16:29:25
Attempting to include db_connect.php at 2025-08-18 16:29:25
Script started at 2025-08-18 16:44:54
Session started at 2025-08-18 16:44:54
Cookies received: {"PHPSESSID":"bqpqgutdu6ljr4s3gg46ef8rv1"}
Session data: {"id":3,"username":"bikash","csrf_token":"a0693bd1d64ee2098d17c766ecaa73e35ab267c821c737e51b3c61f62b2f49b8"}
Before session check at 2025-08-18 16:44:54
Session check passed for user bikash at 2025-08-18 16:44:54
Attempting to include db_connect.php at 2025-08-18 16:44:54
Script started at 2025-08-18 16:46:51
Session started at 2025-08-18 16:46:51
Cookies received: {"PHPSESSID":"g36risnfqcjh1mkt0rnf1d2jvj"}
Session data: {"id":3,"username":"bikash","csrf_token":"ac14e6e1f741f3f778da9b2d550126736eab5b9739c46f3d062044832b245f73"}
Before session check at 2025-08-18 16:46:51
Session check passed for user bikash at 2025-08-18 16:46:51
Attempting to include db_connect.php at 2025-08-18 16:46:51
Script started at 2025-08-18 16:56:22
Session started at 2025-08-18 16:56:22
Cookies received: {"PHPSESSID":"d03kb4ro439qemj7ftgvd85vsu"}
Session data: {"id":3,"username":"bikash","csrf_token":"eed7b0d7997e61b44f205406e4ffdf6ec94ce23ac417bae25e005625643a3f16"}
Before session check at 2025-08-18 16:56:22
Session check passed for user bikash at 2025-08-18 16:56:22
Attempting to include db_connect.php at 2025-08-18 16:56:22
Script started at 2025-08-18 16:57:19
Session started at 2025-08-18 16:57:19
Cookies received: {"PHPSESSID":"d03kb4ro439qemj7ftgvd85vsu"}
Session data: {"id":3,"username":"bikash","csrf_token":"fda82a0a8afe45c66bd05d1b4a19974df39ae0cc52004f100f61ce99c4384ad7"}
Before session check at 2025-08-18 16:57:19
Session check passed for user bikash at 2025-08-18 16:57:19
Attempting to include db_connect.php at 2025-08-18 16:57:19
Script started at 2025-08-18 16:57:20
Session started at 2025-08-18 16:57:20
Cookies received: {"PHPSESSID":"d03kb4ro439qemj7ftgvd85vsu"}
Session data: {"id":3,"username":"bikash","csrf_token":"5552b46220de4ee31701bc8b0cc32ff0ab124ec72370e42c0df1df9158d64146"}
Before session check at 2025-08-18 16:57:20
Session check passed for user bikash at 2025-08-18 16:57:20
Attempting to include db_connect.php at 2025-08-18 16:57:20
Script started at 2025-08-18 17:09:37
Session started at 2025-08-18 17:09:37
Cookies received: {"PHPSESSID":"9vqjp57hfpimnom3qr7rbd3vip"}
Session data: {"id":3,"username":"bikash","csrf_token":"91dacbb8b3e457102ef7e84f97041cf2762e8a037d6a98e5c4d5aeb6d747b166"}
Before session check at 2025-08-18 17:09:37
Session check passed for user bikash at 2025-08-18 17:09:37
Attempting to include db_connect.php at 2025-08-18 17:09:37
Script started at 2025-08-18 17:22:39
Session started at 2025-08-18 17:22:39
Cookies received: {"PHPSESSID":"m0f4avqg02mfrbg8267csj61du"}
Session data: {"id":3,"username":"bikash","csrf_token":"f253d9326dea81e6731ee14d18bb2ce1e58a5d94a560a32a6e75ad207998b2dd"}
Before session check at 2025-08-18 17:22:39
Session check passed for user bikash at 2025-08-18 17:22:39
Attempting to include db_connect.php at 2025-08-18 17:22:39
Script started at 2025-08-18 17:24:29
Session started at 2025-08-18 17:24:29
Cookies received: {"PHPSESSID":"vi1f2dh6m2t7ivmmr9nnpgeq5k"}
Session data: {"id":3,"username":"bikash","csrf_token":"a5667254de448511a2bc30d022dfcd8670d860b1a3bcbbabbcf3587febb2d305"}
Before session check at 2025-08-18 17:24:29
Session check passed for user bikash at 2025-08-18 17:24:29
Attempting to include db_connect.php at 2025-08-18 17:24:29
Script started at 2025-08-18 17:33:01
Session started at 2025-08-18 17:33:01
Cookies received: {"PHPSESSID":"1qoeuu40tikldd7i993f8387fh"}
Session data: {"id":3,"username":"bikash","csrf_token":"f36eca65f4b3006cfed99904c551c5d749a28336f2afc2a02972eeb3aa32d2ff"}
Before session check at 2025-08-18 17:33:01
Session check passed for user bikash at 2025-08-18 17:33:01
Attempting to include db_connect.php at 2025-08-18 17:33:01
Script started at 2025-08-18 17:37:14
Session started at 2025-08-18 17:37:14
Cookies received: {"PHPSESSID":"ih1m5g0mp5lp4eta2ff1hfohu6"}
Session data: {"id":3,"username":"bikash","csrf_token":"dc0bd8fe4a597617a71a43e75cb954ae6d09490568863232a4e02bc2609762e9"}
Before session check at 2025-08-18 17:37:14
Session check passed for user bikash at 2025-08-18 17:37:14
Attempting to include db_connect.php at 2025-08-18 17:37:14
Script started at 2025-08-18 17:44:06
Session started at 2025-08-18 17:44:06
Cookies received: {"PHPSESSID":"5g62i89qe6uu617ve50adeaadd"}
Session data: {"id":3,"username":"bikash","csrf_token":"bc5449e70c09a16aa92162f0ee0dc094338375daf9fef4bd059015b7d2d0579d"}
Before session check at 2025-08-18 17:44:06
Session check passed for user bikash at 2025-08-18 17:44:06
Attempting to include db_connect.php at 2025-08-18 17:44:06
Script started at 2025-08-18 17:45:02
Session started at 2025-08-18 17:45:02
Cookies received: {"PHPSESSID":"ro85ghip3sbg2pgiammunq3q8v"}
Session data: {"id":3,"username":"bikash","csrf_token":"17466cd6ea8a82495c18fda07c73b7af927324f1e1ad550b7361bd720923ca8b"}
Before session check at 2025-08-18 17:45:02
Session check passed for user bikash at 2025-08-18 17:45:02
Attempting to include db_connect.php at 2025-08-18 17:45:02
Script started at 2025-08-18 17:45:35
Session started at 2025-08-18 17:45:35
Cookies received: {"PHPSESSID":"bs48i2mrc9bufvqj187g8rd1sm"}
Session data: {"id":3,"username":"bikash","csrf_token":"ada539759bc8854dd3d135f16f2ad103122912924ab67ee667bbd442dde1a2ee"}
Before session check at 2025-08-18 17:45:35
Session check passed for user bikash at 2025-08-18 17:45:35
Attempting to include db_connect.php at 2025-08-18 17:45:35
Script started at 2025-08-18 17:46:57
Session started at 2025-08-18 17:46:57
Cookies received: {"PHPSESSID":"36p0sr5cvoaj0h97ncnngtnfbj"}
Session data: {"id":3,"username":"bikash","csrf_token":"b565962a8f089c46b717efacda00da7701b4612cd82e4d8e8c9ef08c590021a8"}
Before session check at 2025-08-18 17:46:57
Session check passed for user bikash at 2025-08-18 17:46:57
Attempting to include db_connect.php at 2025-08-18 17:46:57
Script started at 2025-08-18 17:48:07
Session started at 2025-08-18 17:48:07
Cookies received: {"PHPSESSID":"36p0sr5cvoaj0h97ncnngtnfbj"}
Session data: {"id":3,"username":"bikash","csrf_token":"4759967aee7ca20a53a4b1dfec39f519af3ba41a25b62535a4ad2cfe959b9fd2"}
Before session check at 2025-08-18 17:48:07
Session check passed for user bikash at 2025-08-18 17:48:07
Attempting to include db_connect.php at 2025-08-18 17:48:07
Script started at 2025-08-18 18:11:44
Session started at 2025-08-18 18:11:44
Cookies received: {"PHPSESSID":"meitgt12nvvtda493q645ri3nq"}
Session data: {"id":4,"username":"tokyo","csrf_token":"4499f2a22cf155e812b92c67b891c020847f4f39a55979820628ec7973f87669"}
Before session check at 2025-08-18 18:11:44
Session check passed for user tokyo at 2025-08-18 18:11:44
Attempting to include db_connect.php at 2025-08-18 18:11:44
Script started at 2025-08-19 13:33:19
Session started at 2025-08-19 13:33:19
Cookies received: {"PHPSESSID":"dr3dhj9fh4t0g6f1jovj9tl3p7"}
Session data: {"id":3,"username":"bikash","csrf_token":"e63ae8a928deb9cf0f36ac910e5b53cd454097f88e85783de84835f36e5dde12"}
Before session check at 2025-08-19 13:33:19
Session check passed for user bikash at 2025-08-19 13:33:19
Attempting to include db_connect.php at 2025-08-19 13:33:19
Script started at 2025-08-19 13:33:48
Session started at 2025-08-19 13:33:48
Cookies received: {"PHPSESSID":"qu5iv3j18f8ov8brtrk3a1tqoq"}
Session data: {"id":3,"username":"bikash","csrf_token":"ccd3de1f86ce4b10d9a3afec8437849c6cbba207247cb86659885763be75d0b2"}
Before session check at 2025-08-19 13:33:48
Session check passed for user bikash at 2025-08-19 13:33:48
Attempting to include db_connect.php at 2025-08-19 13:33:48
Script started at 2025-08-20 08:58:18
Session started at 2025-08-20 08:58:18
Cookies received: {"PHPSESSID":"7qpkoa22h7t76sktai84farthn"}
Session data: {"id":3,"username":"bikash","csrf_token":"cd9fa4d09a8b25b61723a207b0004bf8db69136739c0eecfb69aee2368f073a9"}
Before session check at 2025-08-20 08:58:18
Session check passed for user bikash at 2025-08-20 08:58:18
Attempting to include db_connect.php at 2025-08-20 08:58:18
Script started at 2025-08-20 11:05:41
Session started at 2025-08-20 11:05:41
Cookies received: {"PHPSESSID":"cs5q62nr613t5kn3e8pkoo5o6g"}
Session data: {"id":3,"username":"bikash","csrf_token":"545ff0ac75af70ea088d4ef5463f1c435cc6ceed5e94696154b199e9d90cd91a"}
Before session check at 2025-08-20 11:05:41
Session check passed for user bikash at 2025-08-20 11:05:41
Attempting to include db_connect.php at 2025-08-20 11:05:41
Script started at 2025-08-20 11:41:19
Session started at 2025-08-20 11:41:19
Cookies received: {"PHPSESSID":"cs5q62nr613t5kn3e8pkoo5o6g"}
Session data: {"id":3,"username":"bikash","csrf_token":"7b90225fe0ce29e9fafd7f8b444406950de5d65241b2c90d35c50d43892e3481"}
Before session check at 2025-08-20 11:41:19
Session check passed for user bikash at 2025-08-20 11:41:19
Attempting to include db_connect.php at 2025-08-20 11:41:19
Script started at 2025-08-20 11:41:41
Session started at 2025-08-20 11:41:41
Cookies received: {"PHPSESSID":"tmfi7rmts01ektgf1ce2hbtc11"}
Session data: {"id":3,"username":"bikash","csrf_token":"249004cd747751d090504bdb4d5be40a5a755da4f435db9491c922ca61e6eb74"}
Before session check at 2025-08-20 11:41:41
Session check passed for user bikash at 2025-08-20 11:41:41
Attempting to include db_connect.php at 2025-08-20 11:41:41
Script started at 2025-08-20 12:02:43
Session started at 2025-08-20 12:02:43
Cookies received: {"PHPSESSID":"1rvdlb43ev9k1ulc4jr5a05q4h"}
Session data: {"id":3,"username":"bikash","csrf_token":"cf6fab1b45fe4e749cd4d347b3c1249e755bf25d104327dd8bd0c6d40634129e"}
Before session check at 2025-08-20 12:02:43
Session check passed for user bikash at 2025-08-20 12:02:43
Attempting to include db_connect.php at 2025-08-20 12:02:43
Script started at 2025-08-20 13:08:34
Session started at 2025-08-20 13:08:34
Cookies received: {"PHPSESSID":"uob1u8ju5fnc2ru6oqkg9fmdq4"}
Session data: {"id":3,"username":"bikash","csrf_token":"c44ebc1ca0e54c2a938a226126c2ba989cd4342dff8e8890c65646643d801988"}
Before session check at 2025-08-20 13:08:34
Session check passed for user bikash at 2025-08-20 13:08:34
Attempting to include db_connect.php at 2025-08-20 13:08:34
Script started at 2025-08-20 13:15:09
Session started at 2025-08-20 13:15:09
Cookies received: {"PHPSESSID":"uob1u8ju5fnc2ru6oqkg9fmdq4"}
Session data: {"id":3,"username":"bikash","csrf_token":"d3046cfe9a0c3b8021eceb67e19855cbb6818d8eb3dcaa9a39ed21ebf212ba64"}
Before session check at 2025-08-20 13:15:09
Session check passed for user bikash at 2025-08-20 13:15:09
Attempting to include db_connect.php at 2025-08-20 13:15:09
Script started at 2025-08-20 13:27:44
Session started at 2025-08-20 13:27:44
Cookies received: {"PHPSESSID":"uob1u8ju5fnc2ru6oqkg9fmdq4"}
Session data: {"id":3,"username":"bikash","csrf_token":"436b7bda3242842a0a2bc3b56993923deacef2ca1189b4ab654976e3db6dd152"}
Before session check at 2025-08-20 13:27:44
Session check passed for user bikash at 2025-08-20 13:27:44
Attempting to include db_connect.php at 2025-08-20 13:27:44
Script started at 2025-08-20 13:45:27
Session started at 2025-08-20 13:45:27
Cookies received: {"PHPSESSID":"uob1u8ju5fnc2ru6oqkg9fmdq4"}
Session data: {"id":3,"username":"bikash","csrf_token":"d8d71818a634bbad44fcac476a0f68614de76f4766762d89d25367ed0c9aa557"}
Before session check at 2025-08-20 13:45:27
Session check passed for user bikash at 2025-08-20 13:45:27
Attempting to include db_connect.php at 2025-08-20 13:45:27
Script started at 2025-08-20 13:45:59
Session started at 2025-08-20 13:45:59
Cookies received: {"PHPSESSID":"uob1u8ju5fnc2ru6oqkg9fmdq4"}
Session data: {"id":3,"username":"bikash","csrf_token":"930a0a25b2f7f88fdaa50ea964195158e8820eea78aaff9b0738e25db23f9276"}
Before session check at 2025-08-20 13:45:59
Session check passed for user bikash at 2025-08-20 13:45:59
Attempting to include db_connect.php at 2025-08-20 13:45:59
Script started at 2025-08-20 14:02:49
Session started at 2025-08-20 14:02:49
Cookies received: {"PHPSESSID":"dfgm6ojdksi090huapuh9hffvi"}
Session data: {"id":3,"username":"bikash","csrf_token":"34388f12aea23faa4314fed0912202bf956fa208ad54c9c7addda55798cb885b"}
Before session check at 2025-08-20 14:02:49
Session check passed for user bikash at 2025-08-20 14:02:49
Attempting to include db_connect.php at 2025-08-20 14:02:49
Script started at 2025-08-20 14:32:17
Session started at 2025-08-20 14:32:17
Cookies received: {"PHPSESSID":"vqkvbtbjfvc2ranmoa19pe1hul"}
Session data: {"id":3,"username":"bikash","csrf_token":"dcb50e11660165fc9c8c2ccd97ed9fd72c127779f8fc85d99efbe778071675d3"}
Before session check at 2025-08-20 14:32:17
Session check passed for user bikash at 2025-08-20 14:32:17
Attempting to include db_connect.php at 2025-08-20 14:32:17
Script started at 2025-08-20 14:35:57
Session started at 2025-08-20 14:35:57
Cookies received: {"PHPSESSID":"eq8gd9br6uf529rsclg61n4i3f"}
Session data: {"id":3,"username":"bikash","csrf_token":"cff7e25ab02a19b782fbbc4a5c55c04c54b250cd488342432615170ab6d53692"}
Before session check at 2025-08-20 14:35:57
Session check passed for user bikash at 2025-08-20 14:35:57
Attempting to include db_connect.php at 2025-08-20 14:35:57
Script started at 2025-08-20 14:36:46
Session started at 2025-08-20 14:36:46
Cookies received: {"PHPSESSID":"ani0qshio411bv3vhjkkn59nbc"}
Session data: {"id":3,"username":"bikash","csrf_token":"a891755426c73e9dad8976d35ef262df7771bf9add83f1c0d4c0cd443454bb03"}
Before session check at 2025-08-20 14:36:46
Session check passed for user bikash at 2025-08-20 14:36:46
Attempting to include db_connect.php at 2025-08-20 14:36:46
Script started at 2025-08-20 14:37:49
Session started at 2025-08-20 14:37:49
Cookies received: {"PHPSESSID":"odem2namsrd7fb6lsfdptv8mgg"}
Session data: {"id":3,"username":"bikash","csrf_token":"bf2e9630df9a91072b0a2eac4c66b3d4f1d385a3c59a77da787af6faae223713"}
Before session check at 2025-08-20 14:37:49
Session check passed for user bikash at 2025-08-20 14:37:49
Attempting to include db_connect.php at 2025-08-20 14:37:49
Script started at 2025-08-20 14:55:32
Session started at 2025-08-20 14:55:32
Cookies received: {"PHPSESSID":"odem2namsrd7fb6lsfdptv8mgg"}
Session data: {"id":3,"username":"bikash","csrf_token":"bd1487edc17b9d2d055817f19929ded18d0943150809ebdbaf5bbcbea0775976"}
Before session check at 2025-08-20 14:55:32
Session check passed for user bikash at 2025-08-20 14:55:32
Attempting to include db_connect.php at 2025-08-20 14:55:32
Script started at 2025-08-20 14:56:56
Session started at 2025-08-20 14:56:56
Cookies received: {"PHPSESSID":"7qpkoa22h7t76sktai84farthn"}
Session data: {"id":3,"username":"bikash","csrf_token":"0f369d81903409ad432baa843aea499ae2c6630b142b4696587ae2ca3fb31e97"}
Before session check at 2025-08-20 14:56:56
Session check passed for user bikash at 2025-08-20 14:56:56
Attempting to include db_connect.php at 2025-08-20 14:56:56
Script started at 2025-08-20 15:01:13
Session started at 2025-08-20 15:01:13
Cookies received: {"PHPSESSID":"ejo11llqm8hch6mb54rse2ulpv"}
Session data: {"id":3,"username":"bikash","csrf_token":"557dd0cd520e79ace67ab28fd3d3907ec1228279029f6d90c6b58f16ff77da79"}
Before session check at 2025-08-20 15:01:13
Session check passed for user bikash at 2025-08-20 15:01:13
Attempting to include db_connect.php at 2025-08-20 15:01:13
Script started at 2025-08-20 15:02:03
Session started at 2025-08-20 15:02:03
Cookies received: {"PHPSESSID":"d7bpasdiuipti3drhtn0qmbh7i"}
Session data: {"id":3,"username":"bikash","csrf_token":"ed947035db4c99bcd3bfe6b3e9f8262240bb10fb0bc49bc666e284e19225406b"}
Before session check at 2025-08-20 15:02:03
Session check passed for user bikash at 2025-08-20 15:02:03
Attempting to include db_connect.php at 2025-08-20 15:02:03
Script started at 2025-08-20 15:08:45
Session started at 2025-08-20 15:08:45
Cookies received: {"PHPSESSID":"d7bpasdiuipti3drhtn0qmbh7i"}
Session data: {"id":3,"username":"bikash","csrf_token":"b4267baecf4117855c91a57df8065453e285d79d2d3429125a08c6e2a5e21e87"}
Before session check at 2025-08-20 15:08:45
Session check passed for user bikash at 2025-08-20 15:08:45
Attempting to include db_connect.php at 2025-08-20 15:08:45
Script started at 2025-08-20 15:10:56
Session started at 2025-08-20 15:10:56
Cookies received: {"PHPSESSID":"9lq98r6sc9dsun99ac3dstt52c"}
Session data: {"id":3,"username":"bikash","csrf_token":"bd3b7b11579a2cdb8a40f87428deab3fb782154b235ec125c02a49ff263ef7db"}
Before session check at 2025-08-20 15:10:56
Session check passed for user bikash at 2025-08-20 15:10:56
Attempting to include db_connect.php at 2025-08-20 15:10:56
Script started at 2025-08-20 15:43:23
Session started at 2025-08-20 15:43:23
Cookies received: {"PHPSESSID":"7qpkoa22h7t76sktai84farthn"}
Session data: {"id":3,"username":"bikash","csrf_token":"89fa28489f17b66c122bf3057c3d88f137d9196fcb45f36a1f48b7e4e2eb613e"}
Before session check at 2025-08-20 15:43:23
Session check passed for user bikash at 2025-08-20 15:43:23
Attempting to include db_connect.php at 2025-08-20 15:43:23
Script started at 2025-08-20 15:55:29
Session started at 2025-08-20 15:55:29
Cookies received: {"PHPSESSID":"ri8bi0pjc0pi5v0ukdh43lv87m"}
Session data: {"id":3,"username":"bikash","csrf_token":"42dc4ac99484525adb89124e6114f5031c00a3daa11c596d3e2e657d2e953f5d"}
Before session check at 2025-08-20 15:55:29
Session check passed for user bikash at 2025-08-20 15:55:29
Attempting to include db_connect.php at 2025-08-20 15:55:29
Script started at 2025-08-20 15:57:03
Session started at 2025-08-20 15:57:03
Cookies received: {"PHPSESSID":"ri8bi0pjc0pi5v0ukdh43lv87m"}
Session data: {"id":3,"username":"bikash","csrf_token":"9d9f285e2563562e5430c9c09582fe3aa802aa2bbfc823dee36b0f50b6a2d2fa"}
Before session check at 2025-08-20 15:57:03
Session check passed for user bikash at 2025-08-20 15:57:03
Attempting to include db_connect.php at 2025-08-20 15:57:03
Script started at 2025-08-20 15:58:05
Session started at 2025-08-20 15:58:05
Cookies received: {"PHPSESSID":"75lh8f7qmf3p4hftkl7vcquhbu"}
Session data: {"id":3,"username":"bikash","csrf_token":"86e888c81f697bfb3e20a7d370b85218f23546bbd450ac0dfa2efad52bedd9be"}
Before session check at 2025-08-20 15:58:05
Session check passed for user bikash at 2025-08-20 15:58:05
Attempting to include db_connect.php at 2025-08-20 15:58:05
Script started at 2025-08-20 15:59:07
Session started at 2025-08-20 15:59:07
Cookies received: {"PHPSESSID":"lcjcu8sc5uamcu81cdcemuenpa"}
Session data: {"id":3,"username":"bikash","csrf_token":"64eba8379be2e78c27a1f0b800ceec157a1da7bee23d3b1e59e44fed13ff1e18"}
Before session check at 2025-08-20 15:59:07
Session check passed for user bikash at 2025-08-20 15:59:07
Attempting to include db_connect.php at 2025-08-20 15:59:07
Script started at 2025-08-20 16:02:06
Session started at 2025-08-20 16:02:06
Cookies received: {"PHPSESSID":"dm5vimm71isgh0k00e50vat3n1"}
Session data: {"id":3,"username":"bikash","csrf_token":"31b2b99b8a3753c6ab9ce859319b9fffc413fcd2520113223a0184f0ffe5dba0"}
Before session check at 2025-08-20 16:02:06
Session check passed for user bikash at 2025-08-20 16:02:06
Attempting to include db_connect.php at 2025-08-20 16:02:06
Script started at 2025-08-20 17:03:35
Session started at 2025-08-20 17:03:35
Cookies received: {"PHPSESSID":"7qpkoa22h7t76sktai84farthn"}
Session data: {"id":3,"username":"bikash","csrf_token":"3f235baa173fe80c05a96e64b6f08c3bed26a35fbf2c20da363bc1afdd227285"}
Before session check at 2025-08-20 17:03:35
Session check passed for user bikash at 2025-08-20 17:03:35
Attempting to include db_connect.php at 2025-08-20 17:03:35
Script started at 2025-08-23 23:39:59
Session started at 2025-08-23 23:39:59
Cookies received: {"PHPSESSID":"5o1pp2vpj3nem3rv53sl3ilf2e"}
Session data: {"id":3,"username":"bikash","csrf_token":"aab43d8d6f070acf2d97f82aac2174a9bdeb84692d73a0cd8e16395418b90e38"}
Before session check at 2025-08-23 23:39:59
Session check passed for user bikash at 2025-08-23 23:39:59
Attempting to include db_connect.php at 2025-08-23 23:39:59
Script started at 2025-08-24 10:20:55
Session started at 2025-08-24 10:20:55
Cookies received: {"PHPSESSID":"65kr4f83jil8jv5tfhche1ehhc"}
Session data: {"id":4,"username":"tokyo","csrf_token":"2a6a3cc16d1f644b8d42b478b2da76da9d889ffd219b643a311265891cc4013b"}
Before session check at 2025-08-24 10:20:55
Session check passed for user tokyo at 2025-08-24 10:20:55
Attempting to include db_connect.php at 2025-08-24 10:20:55
Script started at 2025-08-24 10:21:12
Session started at 2025-08-24 10:21:12
Cookies received: {"PHPSESSID":"65kr4f83jil8jv5tfhche1ehhc"}
Session data: {"id":4,"username":"tokyo","csrf_token":"89336e157738d45778650cc3b6ee219217f6eaebf96de2e7e17c9962ea2ddfbb"}
Before session check at 2025-08-24 10:21:12
Session check passed for user tokyo at 2025-08-24 10:21:12
Attempting to include db_connect.php at 2025-08-24 10:21:12
Script started at 2025-08-25 10:03:44
Session started at 2025-08-25 10:03:44
Cookies received: {"PHPSESSID":"re9ujrltftbq5qma7f06avvmms"}
Session data: {"id":3,"username":"bikash","csrf_token":"9125d5f84884cac9827e2903f38bff5c54dc3c9cb4d0b22c1044f2c1a7f12713"}
Before session check at 2025-08-25 10:03:44
Session check passed for user bikash at 2025-08-25 10:03:44
Attempting to include db_connect.php at 2025-08-25 10:03:44
Script started at 2025-08-25 17:41:39
Session started at 2025-08-25 17:41:40
Cookies received: {"PHPSESSID":"sferj33q3ma3uaqvjakd90sqhi"}
Session data: {"id":3,"username":"bikash","csrf_token":"4944f51ac52cb08a10d70927123c7476914b2008709bf8d1c3ad37074cf7f862"}
Before session check at 2025-08-25 17:41:40
Session check passed for user bikash at 2025-08-25 17:41:40
Attempting to include db_connect.php at 2025-08-25 17:41:40
Script started at 2025-08-25 17:58:02
Session started at 2025-08-25 17:58:02
Cookies received: {"PHPSESSID":"re9ujrltftbq5qma7f06avvmms"}
Session data: {"id":3,"username":"bikash","csrf_token":"95b57ea11cf1ef4373aca3e55950e2455c68c012ea4605caeb4d57749d200a1a"}
Before session check at 2025-08-25 17:58:02
Session check passed for user bikash at 2025-08-25 17:58:02
Attempting to include db_connect.php at 2025-08-25 17:58:02
Script started at 2025-08-25 17:59:32
Session started at 2025-08-25 17:59:32
Cookies received: {"PHPSESSID":"6q54osa77g8om21k771lpipu0m"}
Session data: {"id":3,"username":"bikash","csrf_token":"4cbe004b24bfbbe6e276934946c5cbdfc9084fa174a4b6cf67ab1c96736b9fe4"}
Before session check at 2025-08-25 17:59:32
Session check passed for user bikash at 2025-08-25 17:59:32
Attempting to include db_connect.php at 2025-08-25 17:59:32
Script started at 2025-08-26 12:41:04
Session started at 2025-08-26 12:41:04
Cookies received: {"PHPSESSID":"7q20g2gv1mt82v8cn1u3i2n7t6"}
Session data: {"id":3,"username":"bikash","csrf_token":"8d59ceda316fa6e0a81a3954a0c1569cc485663c7bc2ff6afc53d05af62b3fbf"}
Before session check at 2025-08-26 12:41:04
Session check passed for user bikash at 2025-08-26 12:41:04
Attempting to include db_connect.php at 2025-08-26 12:41:04
Script started at 2025-08-26 12:41:29
Session started at 2025-08-26 12:41:29
Cookies received: {"PHPSESSID":"a8mltvs9tf7r39fa8nd2310me2"}
Session data: {"id":3,"username":"bikash","csrf_token":"62c3dbfe2c5f9efc2f42b5569005fc17a27e6956aa8e8b0c9ce967e20725ada4"}
Before session check at 2025-08-26 12:41:29
Session check passed for user bikash at 2025-08-26 12:41:29
Attempting to include db_connect.php at 2025-08-26 12:41:29
Script started at 2025-08-26 15:34:08
Session started at 2025-08-26 15:34:08
Cookies received: {"PHPSESSID":"a8mltvs9tf7r39fa8nd2310me2"}
Session data: {"id":3,"username":"bikash","csrf_token":"4f9034b8897354de0a4a987c9da927d11906f1fbf18bce836da4603340af2320"}
Before session check at 2025-08-26 15:34:08
Session check passed for user bikash at 2025-08-26 15:34:08
Attempting to include db_connect.php at 2025-08-26 15:34:08
Script started at 2025-08-26 15:36:00
Session started at 2025-08-26 15:36:00
Cookies received: {"PHPSESSID":"lm3lkvjr10fm2h96aejmttbls0"}
Session data: {"id":3,"username":"bikash","csrf_token":"42f7dcee336a818ba1be2565d06491ccc2bea7065741f598eb144a61fe23bbf8"}
Before session check at 2025-08-26 15:36:00
Session check passed for user bikash at 2025-08-26 15:36:00
Attempting to include db_connect.php at 2025-08-26 15:36:00
Script started at 2025-08-26 15:37:53
Session started at 2025-08-26 15:37:53
Cookies received: {"PHPSESSID":"elsdideqo74d2e81v80vurjb20"}
Session data: {"id":3,"username":"bikash","csrf_token":"a3020d45074e0acfbb72ab01a900d8f627b071e088795c55ce150b2560824200"}
Before session check at 2025-08-26 15:37:53
Session check passed for user bikash at 2025-08-26 15:37:53
Attempting to include db_connect.php at 2025-08-26 15:37:53
Script started at 2025-08-26 15:40:12
Session started at 2025-08-26 15:40:12
Cookies received: {"PHPSESSID":"m7379opac9a4o82meifuuo1sak"}
Session data: {"id":3,"username":"bikash","csrf_token":"14099fdf5c7ec2fc32ed1544bd7028fc73dbd77639cb4554a12c730733efe7ca"}
Before session check at 2025-08-26 15:40:12
Session check passed for user bikash at 2025-08-26 15:40:12
Attempting to include db_connect.php at 2025-08-26 15:40:12
Script started at 2025-08-26 15:40:41
Session started at 2025-08-26 15:40:41
Cookies received: {"PHPSESSID":"bdqml26n7gtl0dftv7a5b7h8rf"}
Session data: {"id":3,"username":"bikash","csrf_token":"054094df5d825d0f281464593146965b93427b73e9f21ed0f2f1c86df4544b0f"}
Before session check at 2025-08-26 15:40:41
Session check passed for user bikash at 2025-08-26 15:40:41
Attempting to include db_connect.php at 2025-08-26 15:40:41
Script started at 2025-08-26 15:52:15
Session started at 2025-08-26 15:52:15
Cookies received: {"PHPSESSID":"m34dm8m5je9s3icc9hvjh7uffs"}
Session data: {"id":3,"username":"bikash","csrf_token":"96d5e1c974f479704ed880a749a74aa2a3e16024f6fd790dfd02d341f8719e52"}
Before session check at 2025-08-26 15:52:15
Session check passed for user bikash at 2025-08-26 15:52:15
Attempting to include db_connect.php at 2025-08-26 15:52:15
Script started at 2025-08-26 16:00:54
Session started at 2025-08-26 16:00:54
Cookies received: {"PHPSESSID":"n0ulv639oqed5ncfe9f0nechgf"}
Session data: {"id":3,"username":"bikash","csrf_token":"04465a588616d3ba2815bb1683e47049feef2a0725b342dd757afd8561a8e49f"}
Before session check at 2025-08-26 16:00:54
Session check passed for user bikash at 2025-08-26 16:00:54
Attempting to include db_connect.php at 2025-08-26 16:00:54
Script started at 2025-08-26 16:09:51
Session started at 2025-08-26 16:09:51
Cookies received: {"PHPSESSID":"7ktcvkiuo5b1h971nah00okkag"}
Session data: {"id":3,"username":"bikash","csrf_token":"4c0258f142dae394c4d548dee3bea3b86fd51c451cd1390a8cb3ba1b052eca9d"}
Before session check at 2025-08-26 16:09:51
Session check passed for user bikash at 2025-08-26 16:09:51
Attempting to include db_connect.php at 2025-08-26 16:09:51
Script started at 2025-08-26 16:11:08
Session started at 2025-08-26 16:11:08
Cookies received: {"PHPSESSID":"f05t4ka9roigt3gs5lpprtcdrc"}
Session data: {"id":3,"username":"bikash","csrf_token":"bab02447030eefdc46bd1e9c540ba360509778abc9e66b595fe0bc2789e783d2"}
Before session check at 2025-08-26 16:11:08
Session check passed for user bikash at 2025-08-26 16:11:08
Attempting to include db_connect.php at 2025-08-26 16:11:08
Script started at 2025-08-26 16:21:08
Session started at 2025-08-26 16:21:08
Cookies received: {"PHPSESSID":"hkmk7rgh65t3soorhsgg6ab5d7"}
Session data: {"id":3,"username":"bikash","csrf_token":"a07a19fe5046386d8ec2b38172e954474af3a1ac5dcb6989e55d0ad178a90c9e"}
Before session check at 2025-08-26 16:21:08
Session check passed for user bikash at 2025-08-26 16:21:08
Attempting to include db_connect.php at 2025-08-26 16:21:08
Script started at 2025-08-26 16:34:45
Session started at 2025-08-26 16:34:45
Cookies received: {"PHPSESSID":"ub760ii8n5iq06c607db4v06pk"}
Session data: {"id":3,"username":"bikash","csrf_token":"b8ebf8af57e7ebfda18f9c8160c7468474cf624e680332d68ba2d52eaca1ac7e"}
Before session check at 2025-08-26 16:34:45
Session check passed for user bikash at 2025-08-26 16:34:45
Attempting to include db_connect.php at 2025-08-26 16:34:45
Script started at 2025-08-26 16:36:09
Session started at 2025-08-26 16:36:09
Cookies received: {"PHPSESSID":"upjgfh6cu570mdpsutkj9p748n"}
Session data: {"id":3,"username":"bikash","csrf_token":"1c13614f4ac57a61a03f944b799a35c225187ca9162fdb5fc69c5b7367bc939b"}
Before session check at 2025-08-26 16:36:09
Session check passed for user bikash at 2025-08-26 16:36:09
Attempting to include db_connect.php at 2025-08-26 16:36:09
Script started at 2025-08-26 16:36:34
Session started at 2025-08-26 16:36:34
Cookies received: {"PHPSESSID":"h15vs0i7p5mu8lk2fjp72a6674"}
Session data: {"id":3,"username":"bikash","csrf_token":"0640adeaaa9f5ac96eb3bc9a36899108dadb9cb4619c2a6a9fd8fa4a15db9148"}
Before session check at 2025-08-26 16:36:34
Session check passed for user bikash at 2025-08-26 16:36:34
Attempting to include db_connect.php at 2025-08-26 16:36:34
Script started at 2025-08-26 16:41:18
Session started at 2025-08-26 16:41:18
Cookies received: {"PHPSESSID":"1i2g4qfpaqljfdprn2drdc6jeh"}
Session data: {"id":3,"username":"bikash","csrf_token":"9259e47804029f5c5414af34c880e859eccd464afc11d934fcf48e4e4e56f8ea"}
Before session check at 2025-08-26 16:41:18
Session check passed for user bikash at 2025-08-26 16:41:18
Attempting to include db_connect.php at 2025-08-26 16:41:18
Script started at 2025-08-26 16:52:26
Session started at 2025-08-26 16:52:26
Cookies received: {"PHPSESSID":"3lqju9fl9kpqgnom8kr24rs7hq"}
Session data: {"id":3,"username":"bikash","csrf_token":"5970ef7540177f0f7e95994769c2937d94744a87ec4b41fd140a6b1321f1f972"}
Before session check at 2025-08-26 16:52:26
Session check passed for user bikash at 2025-08-26 16:52:26
Attempting to include db_connect.php at 2025-08-26 16:52:26
Script started at 2025-08-26 16:57:22
Session started at 2025-08-26 16:57:22
Cookies received: {"PHPSESSID":"h15vs0i7p5mu8lk2fjp72a6674"}
Session data: {"id":3,"username":"bikash","csrf_token":"4726fedcf63b9343ef73ebd89ab6f65ae289713041e401268d2983d72ec94db1"}
Before session check at 2025-08-26 16:57:22
Session check passed for user bikash at 2025-08-26 16:57:22
Attempting to include db_connect.php at 2025-08-26 16:57:22
